Archive member included to satisfy reference by file (symbol)

c:/program files (x86)/atmel/studio/7.0/toolchain/avr8/avr8-gnu-toolchain/bin/../lib/gcc/avr/5.4.0/../../../../avr/lib/avr5\libm.a(fixunssfsi.o)
                              HAL/ULTRASONIC/ULTRASONIC_PROG.o (__fixunssfsi)
c:/program files (x86)/atmel/studio/7.0/toolchain/avr8/avr8-gnu-toolchain/bin/../lib/gcc/avr/5.4.0/../../../../avr/lib/avr5\libm.a(floatsisf.o)
                              HAL/ULTRASONIC/ULTRASONIC_PROG.o (__floatunsisf)
c:/program files (x86)/atmel/studio/7.0/toolchain/avr8/avr8-gnu-toolchain/bin/../lib/gcc/avr/5.4.0/../../../../avr/lib/avr5\libm.a(fp_split3.o)
                              c:/program files (x86)/atmel/studio/7.0/toolchain/avr8/avr8-gnu-toolchain/bin/../lib/gcc/avr/5.4.0/../../../../avr/lib/avr5\libm.a(fixunssfsi.o) (__fp_splitA)
c:/program files (x86)/atmel/studio/7.0/toolchain/avr8/avr8-gnu-toolchain/bin/../lib/gcc/avr/5.4.0/../../../../avr/lib/avr5\libm.a(fp_zero.o)
                              c:/program files (x86)/atmel/studio/7.0/toolchain/avr8/avr8-gnu-toolchain/bin/../lib/gcc/avr/5.4.0/../../../../avr/lib/avr5\libm.a(fixunssfsi.o) (__fp_zero)
c:/program files (x86)/atmel/studio/7.0/toolchain/avr8/avr8-gnu-toolchain/bin/../lib/gcc/avr/5.4.0/../../../../avr/lib/avr5\libm.a(mulsf3.o)
                              HAL/ULTRASONIC/ULTRASONIC_PROG.o (__mulsf3)
c:/program files (x86)/atmel/studio/7.0/toolchain/avr8/avr8-gnu-toolchain/bin/../lib/gcc/avr/5.4.0/../../../../avr/lib/avr5\libm.a(mulsf3x.o)
                              c:/program files (x86)/atmel/studio/7.0/toolchain/avr8/avr8-gnu-toolchain/bin/../lib/gcc/avr/5.4.0/../../../../avr/lib/avr5\libm.a(mulsf3.o) (__mulsf3x)
c:/program files (x86)/atmel/studio/7.0/toolchain/avr8/avr8-gnu-toolchain/bin/../lib/gcc/avr/5.4.0/../../../../avr/lib/avr5\libm.a(fp_inf.o)
                              c:/program files (x86)/atmel/studio/7.0/toolchain/avr8/avr8-gnu-toolchain/bin/../lib/gcc/avr/5.4.0/../../../../avr/lib/avr5\libm.a(mulsf3x.o) (__fp_inf)
c:/program files (x86)/atmel/studio/7.0/toolchain/avr8/avr8-gnu-toolchain/bin/../lib/gcc/avr/5.4.0/../../../../avr/lib/avr5\libm.a(fp_nan.o)
                              c:/program files (x86)/atmel/studio/7.0/toolchain/avr8/avr8-gnu-toolchain/bin/../lib/gcc/avr/5.4.0/../../../../avr/lib/avr5\libm.a(mulsf3x.o) (__fp_nan)
c:/program files (x86)/atmel/studio/7.0/toolchain/avr8/avr8-gnu-toolchain/bin/../lib/gcc/avr/5.4.0/../../../../avr/lib/avr5\libm.a(fp_pscA.o)
                              c:/program files (x86)/atmel/studio/7.0/toolchain/avr8/avr8-gnu-toolchain/bin/../lib/gcc/avr/5.4.0/../../../../avr/lib/avr5\libm.a(mulsf3x.o) (__fp_pscA)
c:/program files (x86)/atmel/studio/7.0/toolchain/avr8/avr8-gnu-toolchain/bin/../lib/gcc/avr/5.4.0/../../../../avr/lib/avr5\libm.a(fp_pscB.o)
                              c:/program files (x86)/atmel/studio/7.0/toolchain/avr8/avr8-gnu-toolchain/bin/../lib/gcc/avr/5.4.0/../../../../avr/lib/avr5\libm.a(mulsf3x.o) (__fp_pscB)
c:/program files (x86)/atmel/studio/7.0/toolchain/avr8/avr8-gnu-toolchain/bin/../lib/gcc/avr/5.4.0/../../../../avr/lib/avr5\libm.a(fp_round.o)
                              c:/program files (x86)/atmel/studio/7.0/toolchain/avr8/avr8-gnu-toolchain/bin/../lib/gcc/avr/5.4.0/../../../../avr/lib/avr5\libm.a(mulsf3.o) (__fp_round)
c:/program files (x86)/atmel/studio/7.0/toolchain/avr8/avr8-gnu-toolchain/bin/../lib/gcc/avr/5.4.0/avr5\libgcc.a(_udivmodsi4.o)
                              HAL/SERVO/SERVO_PROG.o (__udivmodsi4)
c:/program files (x86)/atmel/studio/7.0/toolchain/avr8/avr8-gnu-toolchain/bin/../lib/gcc/avr/5.4.0/avr5\libgcc.a(_exit.o)
                              C:/Program Files (x86)/Atmel/Studio/7.0/Packs/atmel/ATmega_DFP/1.7.374/gcc/dev/atmega32/avr5/crtatmega32.o (exit)
c:/program files (x86)/atmel/studio/7.0/toolchain/avr8/avr8-gnu-toolchain/bin/../lib/gcc/avr/5.4.0/avr5\libgcc.a(_copy_data.o)
                              APP/main.o (__do_copy_data)
c:/program files (x86)/atmel/studio/7.0/toolchain/avr8/avr8-gnu-toolchain/bin/../lib/gcc/avr/5.4.0/avr5\libgcc.a(_clear_bss.o)
                              HAL/ULTRASONIC/ULTRASONIC_PROG.o (__do_clear_bss)
c:/program files (x86)/atmel/studio/7.0/toolchain/avr8/avr8-gnu-toolchain/bin/../lib/gcc/avr/5.4.0/avr5\libgcc.a(_umulhisi3.o)
                              APP/main.o (__umulhisi3)
c:/program files (x86)/atmel/studio/7.0/toolchain/avr8/avr8-gnu-toolchain/bin/../lib/gcc/avr/5.4.0/avr5\libgcc.a(_usmulhisi3.o)
                              HAL/SERVO/SERVO_PROG.o (__usmulhisi3)

Discarded input sections

 .data          0x00000000        0x0 C:/Program Files (x86)/Atmel/Studio/7.0/Packs/atmel/ATmega_DFP/1.7.374/gcc/dev/atmega32/avr5/crtatmega32.o
 .bss           0x00000000        0x0 C:/Program Files (x86)/Atmel/Studio/7.0/Packs/atmel/ATmega_DFP/1.7.374/gcc/dev/atmega32/avr5/crtatmega32.o
 .text          0x00000000        0x0 APP/main.o
 .data          0x00000000        0x0 APP/main.o
 .bss           0x00000000        0x0 APP/main.o
 .text          0x00000000        0x0 HAL/DC_MOTOR/DC_MOTOR_PROG.o
 .data          0x00000000        0x0 HAL/DC_MOTOR/DC_MOTOR_PROG.o
 .bss           0x00000000        0x0 HAL/DC_MOTOR/DC_MOTOR_PROG.o
 .text          0x00000000        0x0 HAL/LCD/LCD_PROG.o
 .data          0x00000000        0x0 HAL/LCD/LCD_PROG.o
 .bss           0x00000000        0x0 HAL/LCD/LCD_PROG.o
 .text          0x00000000        0x0 HAL/LED/LED_PROG.o
 .data          0x00000000        0x0 HAL/LED/LED_PROG.o
 .bss           0x00000000        0x0 HAL/LED/LED_PROG.o
 .text.LED_VoidON
                0x00000000       0x34 HAL/LED/LED_PROG.o
 .text.LED_VoidOFF
                0x00000000       0x34 HAL/LED/LED_PROG.o
 .text.LED_VoidToggle
                0x00000000       0x3a HAL/LED/LED_PROG.o
 .debug_info    0x00000000      0x30e HAL/LED/LED_PROG.o
 .debug_abbrev  0x00000000       0xea HAL/LED/LED_PROG.o
 .debug_loc     0x00000000      0x1c2 HAL/LED/LED_PROG.o
 .debug_aranges
                0x00000000       0x30 HAL/LED/LED_PROG.o
 .debug_ranges  0x00000000       0x20 HAL/LED/LED_PROG.o
 .debug_line    0x00000000       0xe5 HAL/LED/LED_PROG.o
 .debug_str     0x00000000      0x2b7 HAL/LED/LED_PROG.o
 .comment       0x00000000       0x31 HAL/LED/LED_PROG.o
 .debug_frame   0x00000000       0x74 HAL/LED/LED_PROG.o
 .text          0x00000000        0x0 HAL/SERVO/SERVO_PROG.o
 .data          0x00000000        0x0 HAL/SERVO/SERVO_PROG.o
 .bss           0x00000000        0x0 HAL/SERVO/SERVO_PROG.o
 .text          0x00000000        0x0 HAL/ULTRASONIC/ULTRASONIC_PROG.o
 .data          0x00000000        0x0 HAL/ULTRASONIC/ULTRASONIC_PROG.o
 .bss           0x00000000        0x0 HAL/ULTRASONIC/ULTRASONIC_PROG.o
 .text          0x00000000        0x0 MCAL/DIO/DIO_PROG.o
 .data          0x00000000        0x0 MCAL/DIO/DIO_PROG.o
 .bss           0x00000000        0x0 MCAL/DIO/DIO_PROG.o
 .text.DIO_TogglePin
                0x00000000       0xa2 MCAL/DIO/DIO_PROG.o
 .text.DIO_ReadPinVal
                0x00000000       0x88 MCAL/DIO/DIO_PROG.o
 .text.DIO_SetPortVal
                0x00000000       0x20 MCAL/DIO/DIO_PROG.o
 .text          0x00000000        0x0 MCAL/GI/GI_PROG.o
 .data          0x00000000        0x0 MCAL/GI/GI_PROG.o
 .bss           0x00000000        0x0 MCAL/GI/GI_PROG.o
 .text.GI_InterruptDisable
                0x00000000        0x4 MCAL/GI/GI_PROG.o
 .text          0x00000000        0x0 MCAL/TIM0/TIM0_PROG.o
 .data          0x00000000        0x0 MCAL/TIM0/TIM0_PROG.o
 .bss           0x00000000        0x0 MCAL/TIM0/TIM0_PROG.o
 .text          0x00000000        0x0 MCAL/TIM1/TIM1_PROG.o
 .data          0x00000000        0x0 MCAL/TIM1/TIM1_PROG.o
 .bss           0x00000000        0x0 MCAL/TIM1/TIM1_PROG.o
 .text          0x00000000        0x0 MCAL/TIM2/TIM2_PROG.o
 .data          0x00000000        0x0 MCAL/TIM2/TIM2_PROG.o
 .bss           0x00000000        0x0 MCAL/TIM2/TIM2_PROG.o
 .text          0x00000000        0x0 c:/program files (x86)/atmel/studio/7.0/toolchain/avr8/avr8-gnu-toolchain/bin/../lib/gcc/avr/5.4.0/../../../../avr/lib/avr5\libm.a(fixunssfsi.o)
 .data          0x00000000        0x0 c:/program files (x86)/atmel/studio/7.0/toolchain/avr8/avr8-gnu-toolchain/bin/../lib/gcc/avr/5.4.0/../../../../avr/lib/avr5\libm.a(fixunssfsi.o)
 .bss           0x00000000        0x0 c:/program files (x86)/atmel/studio/7.0/toolchain/avr8/avr8-gnu-toolchain/bin/../lib/gcc/avr/5.4.0/../../../../avr/lib/avr5\libm.a(fixunssfsi.o)
 .text          0x00000000        0x0 c:/program files (x86)/atmel/studio/7.0/toolchain/avr8/avr8-gnu-toolchain/bin/../lib/gcc/avr/5.4.0/../../../../avr/lib/avr5\libm.a(floatsisf.o)
 .data          0x00000000        0x0 c:/program files (x86)/atmel/studio/7.0/toolchain/avr8/avr8-gnu-toolchain/bin/../lib/gcc/avr/5.4.0/../../../../avr/lib/avr5\libm.a(floatsisf.o)
 .bss           0x00000000        0x0 c:/program files (x86)/atmel/studio/7.0/toolchain/avr8/avr8-gnu-toolchain/bin/../lib/gcc/avr/5.4.0/../../../../avr/lib/avr5\libm.a(floatsisf.o)
 .text          0x00000000        0x0 c:/program files (x86)/atmel/studio/7.0/toolchain/avr8/avr8-gnu-toolchain/bin/../lib/gcc/avr/5.4.0/../../../../avr/lib/avr5\libm.a(fp_split3.o)
 .data          0x00000000        0x0 c:/program files (x86)/atmel/studio/7.0/toolchain/avr8/avr8-gnu-toolchain/bin/../lib/gcc/avr/5.4.0/../../../../avr/lib/avr5\libm.a(fp_split3.o)
 .bss           0x00000000        0x0 c:/program files (x86)/atmel/studio/7.0/toolchain/avr8/avr8-gnu-toolchain/bin/../lib/gcc/avr/5.4.0/../../../../avr/lib/avr5\libm.a(fp_split3.o)
 .text          0x00000000        0x0 c:/program files (x86)/atmel/studio/7.0/toolchain/avr8/avr8-gnu-toolchain/bin/../lib/gcc/avr/5.4.0/../../../../avr/lib/avr5\libm.a(fp_zero.o)
 .data          0x00000000        0x0 c:/program files (x86)/atmel/studio/7.0/toolchain/avr8/avr8-gnu-toolchain/bin/../lib/gcc/avr/5.4.0/../../../../avr/lib/avr5\libm.a(fp_zero.o)
 .bss           0x00000000        0x0 c:/program files (x86)/atmel/studio/7.0/toolchain/avr8/avr8-gnu-toolchain/bin/../lib/gcc/avr/5.4.0/../../../../avr/lib/avr5\libm.a(fp_zero.o)
 .text          0x00000000        0x0 c:/program files (x86)/atmel/studio/7.0/toolchain/avr8/avr8-gnu-toolchain/bin/../lib/gcc/avr/5.4.0/../../../../avr/lib/avr5\libm.a(mulsf3.o)
 .data          0x00000000        0x0 c:/program files (x86)/atmel/studio/7.0/toolchain/avr8/avr8-gnu-toolchain/bin/../lib/gcc/avr/5.4.0/../../../../avr/lib/avr5\libm.a(mulsf3.o)
 .bss           0x00000000        0x0 c:/program files (x86)/atmel/studio/7.0/toolchain/avr8/avr8-gnu-toolchain/bin/../lib/gcc/avr/5.4.0/../../../../avr/lib/avr5\libm.a(mulsf3.o)
 .text          0x00000000        0x0 c:/program files (x86)/atmel/studio/7.0/toolchain/avr8/avr8-gnu-toolchain/bin/../lib/gcc/avr/5.4.0/../../../../avr/lib/avr5\libm.a(mulsf3x.o)
 .data          0x00000000        0x0 c:/program files (x86)/atmel/studio/7.0/toolchain/avr8/avr8-gnu-toolchain/bin/../lib/gcc/avr/5.4.0/../../../../avr/lib/avr5\libm.a(mulsf3x.o)
 .bss           0x00000000        0x0 c:/program files (x86)/atmel/studio/7.0/toolchain/avr8/avr8-gnu-toolchain/bin/../lib/gcc/avr/5.4.0/../../../../avr/lib/avr5\libm.a(mulsf3x.o)
 .text          0x00000000        0x0 c:/program files (x86)/atmel/studio/7.0/toolchain/avr8/avr8-gnu-toolchain/bin/../lib/gcc/avr/5.4.0/../../../../avr/lib/avr5\libm.a(fp_inf.o)
 .data          0x00000000        0x0 c:/program files (x86)/atmel/studio/7.0/toolchain/avr8/avr8-gnu-toolchain/bin/../lib/gcc/avr/5.4.0/../../../../avr/lib/avr5\libm.a(fp_inf.o)
 .bss           0x00000000        0x0 c:/program files (x86)/atmel/studio/7.0/toolchain/avr8/avr8-gnu-toolchain/bin/../lib/gcc/avr/5.4.0/../../../../avr/lib/avr5\libm.a(fp_inf.o)
 .text          0x00000000        0x0 c:/program files (x86)/atmel/studio/7.0/toolchain/avr8/avr8-gnu-toolchain/bin/../lib/gcc/avr/5.4.0/../../../../avr/lib/avr5\libm.a(fp_nan.o)
 .data          0x00000000        0x0 c:/program files (x86)/atmel/studio/7.0/toolchain/avr8/avr8-gnu-toolchain/bin/../lib/gcc/avr/5.4.0/../../../../avr/lib/avr5\libm.a(fp_nan.o)
 .bss           0x00000000        0x0 c:/program files (x86)/atmel/studio/7.0/toolchain/avr8/avr8-gnu-toolchain/bin/../lib/gcc/avr/5.4.0/../../../../avr/lib/avr5\libm.a(fp_nan.o)
 .text          0x00000000        0x0 c:/program files (x86)/atmel/studio/7.0/toolchain/avr8/avr8-gnu-toolchain/bin/../lib/gcc/avr/5.4.0/../../../../avr/lib/avr5\libm.a(fp_pscA.o)
 .data          0x00000000        0x0 c:/program files (x86)/atmel/studio/7.0/toolchain/avr8/avr8-gnu-toolchain/bin/../lib/gcc/avr/5.4.0/../../../../avr/lib/avr5\libm.a(fp_pscA.o)
 .bss           0x00000000        0x0 c:/program files (x86)/atmel/studio/7.0/toolchain/avr8/avr8-gnu-toolchain/bin/../lib/gcc/avr/5.4.0/../../../../avr/lib/avr5\libm.a(fp_pscA.o)
 .text          0x00000000        0x0 c:/program files (x86)/atmel/studio/7.0/toolchain/avr8/avr8-gnu-toolchain/bin/../lib/gcc/avr/5.4.0/../../../../avr/lib/avr5\libm.a(fp_pscB.o)
 .data          0x00000000        0x0 c:/program files (x86)/atmel/studio/7.0/toolchain/avr8/avr8-gnu-toolchain/bin/../lib/gcc/avr/5.4.0/../../../../avr/lib/avr5\libm.a(fp_pscB.o)
 .bss           0x00000000        0x0 c:/program files (x86)/atmel/studio/7.0/toolchain/avr8/avr8-gnu-toolchain/bin/../lib/gcc/avr/5.4.0/../../../../avr/lib/avr5\libm.a(fp_pscB.o)
 .text          0x00000000        0x0 c:/program files (x86)/atmel/studio/7.0/toolchain/avr8/avr8-gnu-toolchain/bin/../lib/gcc/avr/5.4.0/../../../../avr/lib/avr5\libm.a(fp_round.o)
 .data          0x00000000        0x0 c:/program files (x86)/atmel/studio/7.0/toolchain/avr8/avr8-gnu-toolchain/bin/../lib/gcc/avr/5.4.0/../../../../avr/lib/avr5\libm.a(fp_round.o)
 .bss           0x00000000        0x0 c:/program files (x86)/atmel/studio/7.0/toolchain/avr8/avr8-gnu-toolchain/bin/../lib/gcc/avr/5.4.0/../../../../avr/lib/avr5\libm.a(fp_round.o)
 .text          0x00000000        0x0 c:/program files (x86)/atmel/studio/7.0/toolchain/avr8/avr8-gnu-toolchain/bin/../lib/gcc/avr/5.4.0/avr5\libgcc.a(_udivmodsi4.o)
 .data          0x00000000        0x0 c:/program files (x86)/atmel/studio/7.0/toolchain/avr8/avr8-gnu-toolchain/bin/../lib/gcc/avr/5.4.0/avr5\libgcc.a(_udivmodsi4.o)
 .bss           0x00000000        0x0 c:/program files (x86)/atmel/studio/7.0/toolchain/avr8/avr8-gnu-toolchain/bin/../lib/gcc/avr/5.4.0/avr5\libgcc.a(_udivmodsi4.o)
 .text.libgcc.mul
                0x00000000        0x0 c:/program files (x86)/atmel/studio/7.0/toolchain/avr8/avr8-gnu-toolchain/bin/../lib/gcc/avr/5.4.0/avr5\libgcc.a(_udivmodsi4.o)
 .text.libgcc   0x00000000        0x0 c:/program files (x86)/atmel/studio/7.0/toolchain/avr8/avr8-gnu-toolchain/bin/../lib/gcc/avr/5.4.0/avr5\libgcc.a(_udivmodsi4.o)
 .text.libgcc.prologue
                0x00000000        0x0 c:/program files (x86)/atmel/studio/7.0/toolchain/avr8/avr8-gnu-toolchain/bin/../lib/gcc/avr/5.4.0/avr5\libgcc.a(_udivmodsi4.o)
 .text.libgcc.builtins
                0x00000000        0x0 c:/program files (x86)/atmel/studio/7.0/toolchain/avr8/avr8-gnu-toolchain/bin/../lib/gcc/avr/5.4.0/avr5\libgcc.a(_udivmodsi4.o)
 .text.libgcc.fmul
                0x00000000        0x0 c:/program files (x86)/atmel/studio/7.0/toolchain/avr8/avr8-gnu-toolchain/bin/../lib/gcc/avr/5.4.0/avr5\libgcc.a(_udivmodsi4.o)
 .text.libgcc.fixed
                0x00000000        0x0 c:/program files (x86)/atmel/studio/7.0/toolchain/avr8/avr8-gnu-toolchain/bin/../lib/gcc/avr/5.4.0/avr5\libgcc.a(_udivmodsi4.o)
 .text          0x00000000        0x0 c:/program files (x86)/atmel/studio/7.0/toolchain/avr8/avr8-gnu-toolchain/bin/../lib/gcc/avr/5.4.0/avr5\libgcc.a(_exit.o)
 .data          0x00000000        0x0 c:/program files (x86)/atmel/studio/7.0/toolchain/avr8/avr8-gnu-toolchain/bin/../lib/gcc/avr/5.4.0/avr5\libgcc.a(_exit.o)
 .bss           0x00000000        0x0 c:/program files (x86)/atmel/studio/7.0/toolchain/avr8/avr8-gnu-toolchain/bin/../lib/gcc/avr/5.4.0/avr5\libgcc.a(_exit.o)
 .text.libgcc.mul
                0x00000000        0x0 c:/program files (x86)/atmel/studio/7.0/toolchain/avr8/avr8-gnu-toolchain/bin/../lib/gcc/avr/5.4.0/avr5\libgcc.a(_exit.o)
 .text.libgcc.div
                0x00000000        0x0 c:/program files (x86)/atmel/studio/7.0/toolchain/avr8/avr8-gnu-toolchain/bin/../lib/gcc/avr/5.4.0/avr5\libgcc.a(_exit.o)
 .text.libgcc   0x00000000        0x0 c:/program files (x86)/atmel/studio/7.0/toolchain/avr8/avr8-gnu-toolchain/bin/../lib/gcc/avr/5.4.0/avr5\libgcc.a(_exit.o)
 .text.libgcc.prologue
                0x00000000        0x0 c:/program files (x86)/atmel/studio/7.0/toolchain/avr8/avr8-gnu-toolchain/bin/../lib/gcc/avr/5.4.0/avr5\libgcc.a(_exit.o)
 .text.libgcc.builtins
                0x00000000        0x0 c:/program files (x86)/atmel/studio/7.0/toolchain/avr8/avr8-gnu-toolchain/bin/../lib/gcc/avr/5.4.0/avr5\libgcc.a(_exit.o)
 .text.libgcc.fmul
                0x00000000        0x0 c:/program files (x86)/atmel/studio/7.0/toolchain/avr8/avr8-gnu-toolchain/bin/../lib/gcc/avr/5.4.0/avr5\libgcc.a(_exit.o)
 .text.libgcc.fixed
                0x00000000        0x0 c:/program files (x86)/atmel/studio/7.0/toolchain/avr8/avr8-gnu-toolchain/bin/../lib/gcc/avr/5.4.0/avr5\libgcc.a(_exit.o)
 .text          0x00000000        0x0 c:/program files (x86)/atmel/studio/7.0/toolchain/avr8/avr8-gnu-toolchain/bin/../lib/gcc/avr/5.4.0/avr5\libgcc.a(_copy_data.o)
 .data          0x00000000        0x0 c:/program files (x86)/atmel/studio/7.0/toolchain/avr8/avr8-gnu-toolchain/bin/../lib/gcc/avr/5.4.0/avr5\libgcc.a(_copy_data.o)
 .bss           0x00000000        0x0 c:/program files (x86)/atmel/studio/7.0/toolchain/avr8/avr8-gnu-toolchain/bin/../lib/gcc/avr/5.4.0/avr5\libgcc.a(_copy_data.o)
 .text.libgcc.mul
                0x00000000        0x0 c:/program files (x86)/atmel/studio/7.0/toolchain/avr8/avr8-gnu-toolchain/bin/../lib/gcc/avr/5.4.0/avr5\libgcc.a(_copy_data.o)
 .text.libgcc.div
                0x00000000        0x0 c:/program files (x86)/atmel/studio/7.0/toolchain/avr8/avr8-gnu-toolchain/bin/../lib/gcc/avr/5.4.0/avr5\libgcc.a(_copy_data.o)
 .text.libgcc   0x00000000        0x0 c:/program files (x86)/atmel/studio/7.0/toolchain/avr8/avr8-gnu-toolchain/bin/../lib/gcc/avr/5.4.0/avr5\libgcc.a(_copy_data.o)
 .text.libgcc.prologue
                0x00000000        0x0 c:/program files (x86)/atmel/studio/7.0/toolchain/avr8/avr8-gnu-toolchain/bin/../lib/gcc/avr/5.4.0/avr5\libgcc.a(_copy_data.o)
 .text.libgcc.builtins
                0x00000000        0x0 c:/program files (x86)/atmel/studio/7.0/toolchain/avr8/avr8-gnu-toolchain/bin/../lib/gcc/avr/5.4.0/avr5\libgcc.a(_copy_data.o)
 .text.libgcc.fmul
                0x00000000        0x0 c:/program files (x86)/atmel/studio/7.0/toolchain/avr8/avr8-gnu-toolchain/bin/../lib/gcc/avr/5.4.0/avr5\libgcc.a(_copy_data.o)
 .text.libgcc.fixed
                0x00000000        0x0 c:/program files (x86)/atmel/studio/7.0/toolchain/avr8/avr8-gnu-toolchain/bin/../lib/gcc/avr/5.4.0/avr5\libgcc.a(_copy_data.o)
 .text          0x00000000        0x0 c:/program files (x86)/atmel/studio/7.0/toolchain/avr8/avr8-gnu-toolchain/bin/../lib/gcc/avr/5.4.0/avr5\libgcc.a(_clear_bss.o)
 .data          0x00000000        0x0 c:/program files (x86)/atmel/studio/7.0/toolchain/avr8/avr8-gnu-toolchain/bin/../lib/gcc/avr/5.4.0/avr5\libgcc.a(_clear_bss.o)
 .bss           0x00000000        0x0 c:/program files (x86)/atmel/studio/7.0/toolchain/avr8/avr8-gnu-toolchain/bin/../lib/gcc/avr/5.4.0/avr5\libgcc.a(_clear_bss.o)
 .text.libgcc.mul
                0x00000000        0x0 c:/program files (x86)/atmel/studio/7.0/toolchain/avr8/avr8-gnu-toolchain/bin/../lib/gcc/avr/5.4.0/avr5\libgcc.a(_clear_bss.o)
 .text.libgcc.div
                0x00000000        0x0 c:/program files (x86)/atmel/studio/7.0/toolchain/avr8/avr8-gnu-toolchain/bin/../lib/gcc/avr/5.4.0/avr5\libgcc.a(_clear_bss.o)
 .text.libgcc   0x00000000        0x0 c:/program files (x86)/atmel/studio/7.0/toolchain/avr8/avr8-gnu-toolchain/bin/../lib/gcc/avr/5.4.0/avr5\libgcc.a(_clear_bss.o)
 .text.libgcc.prologue
                0x00000000        0x0 c:/program files (x86)/atmel/studio/7.0/toolchain/avr8/avr8-gnu-toolchain/bin/../lib/gcc/avr/5.4.0/avr5\libgcc.a(_clear_bss.o)
 .text.libgcc.builtins
                0x00000000        0x0 c:/program files (x86)/atmel/studio/7.0/toolchain/avr8/avr8-gnu-toolchain/bin/../lib/gcc/avr/5.4.0/avr5\libgcc.a(_clear_bss.o)
 .text.libgcc.fmul
                0x00000000        0x0 c:/program files (x86)/atmel/studio/7.0/toolchain/avr8/avr8-gnu-toolchain/bin/../lib/gcc/avr/5.4.0/avr5\libgcc.a(_clear_bss.o)
 .text.libgcc.fixed
                0x00000000        0x0 c:/program files (x86)/atmel/studio/7.0/toolchain/avr8/avr8-gnu-toolchain/bin/../lib/gcc/avr/5.4.0/avr5\libgcc.a(_clear_bss.o)
 .text          0x00000000        0x0 c:/program files (x86)/atmel/studio/7.0/toolchain/avr8/avr8-gnu-toolchain/bin/../lib/gcc/avr/5.4.0/avr5\libgcc.a(_umulhisi3.o)
 .data          0x00000000        0x0 c:/program files (x86)/atmel/studio/7.0/toolchain/avr8/avr8-gnu-toolchain/bin/../lib/gcc/avr/5.4.0/avr5\libgcc.a(_umulhisi3.o)
 .bss           0x00000000        0x0 c:/program files (x86)/atmel/studio/7.0/toolchain/avr8/avr8-gnu-toolchain/bin/../lib/gcc/avr/5.4.0/avr5\libgcc.a(_umulhisi3.o)
 .text.libgcc.div
                0x00000000        0x0 c:/program files (x86)/atmel/studio/7.0/toolchain/avr8/avr8-gnu-toolchain/bin/../lib/gcc/avr/5.4.0/avr5\libgcc.a(_umulhisi3.o)
 .text.libgcc   0x00000000        0x0 c:/program files (x86)/atmel/studio/7.0/toolchain/avr8/avr8-gnu-toolchain/bin/../lib/gcc/avr/5.4.0/avr5\libgcc.a(_umulhisi3.o)
 .text.libgcc.prologue
                0x00000000        0x0 c:/program files (x86)/atmel/studio/7.0/toolchain/avr8/avr8-gnu-toolchain/bin/../lib/gcc/avr/5.4.0/avr5\libgcc.a(_umulhisi3.o)
 .text.libgcc.builtins
                0x00000000        0x0 c:/program files (x86)/atmel/studio/7.0/toolchain/avr8/avr8-gnu-toolchain/bin/../lib/gcc/avr/5.4.0/avr5\libgcc.a(_umulhisi3.o)
 .text.libgcc.fmul
                0x00000000        0x0 c:/program files (x86)/atmel/studio/7.0/toolchain/avr8/avr8-gnu-toolchain/bin/../lib/gcc/avr/5.4.0/avr5\libgcc.a(_umulhisi3.o)
 .text.libgcc.fixed
                0x00000000        0x0 c:/program files (x86)/atmel/studio/7.0/toolchain/avr8/avr8-gnu-toolchain/bin/../lib/gcc/avr/5.4.0/avr5\libgcc.a(_umulhisi3.o)
 .text          0x00000000        0x0 c:/program files (x86)/atmel/studio/7.0/toolchain/avr8/avr8-gnu-toolchain/bin/../lib/gcc/avr/5.4.0/avr5\libgcc.a(_usmulhisi3.o)
 .data          0x00000000        0x0 c:/program files (x86)/atmel/studio/7.0/toolchain/avr8/avr8-gnu-toolchain/bin/../lib/gcc/avr/5.4.0/avr5\libgcc.a(_usmulhisi3.o)
 .bss           0x00000000        0x0 c:/program files (x86)/atmel/studio/7.0/toolchain/avr8/avr8-gnu-toolchain/bin/../lib/gcc/avr/5.4.0/avr5\libgcc.a(_usmulhisi3.o)
 .text.libgcc.div
                0x00000000        0x0 c:/program files (x86)/atmel/studio/7.0/toolchain/avr8/avr8-gnu-toolchain/bin/../lib/gcc/avr/5.4.0/avr5\libgcc.a(_usmulhisi3.o)
 .text.libgcc   0x00000000        0x0 c:/program files (x86)/atmel/studio/7.0/toolchain/avr8/avr8-gnu-toolchain/bin/../lib/gcc/avr/5.4.0/avr5\libgcc.a(_usmulhisi3.o)
 .text.libgcc.prologue
                0x00000000        0x0 c:/program files (x86)/atmel/studio/7.0/toolchain/avr8/avr8-gnu-toolchain/bin/../lib/gcc/avr/5.4.0/avr5\libgcc.a(_usmulhisi3.o)
 .text.libgcc.builtins
                0x00000000        0x0 c:/program files (x86)/atmel/studio/7.0/toolchain/avr8/avr8-gnu-toolchain/bin/../lib/gcc/avr/5.4.0/avr5\libgcc.a(_usmulhisi3.o)
 .text.libgcc.fmul
                0x00000000        0x0 c:/program files (x86)/atmel/studio/7.0/toolchain/avr8/avr8-gnu-toolchain/bin/../lib/gcc/avr/5.4.0/avr5\libgcc.a(_usmulhisi3.o)
 .text.libgcc.fixed
                0x00000000        0x0 c:/program files (x86)/atmel/studio/7.0/toolchain/avr8/avr8-gnu-toolchain/bin/../lib/gcc/avr/5.4.0/avr5\libgcc.a(_usmulhisi3.o)

Memory Configuration

Name             Origin             Length             Attributes
text             0x00000000         0x00008000         xr
data             0x00800060         0x00000800         rw !x
eeprom           0x00810000         0x00000400         rw !x
fuse             0x00820000         0x00000002         rw !x
lock             0x00830000         0x00000400         rw !x
signature        0x00840000         0x00000400         rw !x
user_signatures  0x00850000         0x00000400         rw !x
*default*        0x00000000         0xffffffff

Linker script and memory map

LOAD C:/Program Files (x86)/Atmel/Studio/7.0/Packs/atmel/ATmega_DFP/1.7.374/gcc/dev/atmega32/avr5/crtatmega32.o
LOAD APP/main.o
LOAD HAL/DC_MOTOR/DC_MOTOR_PROG.o
LOAD HAL/LCD/LCD_PROG.o
LOAD HAL/LED/LED_PROG.o
LOAD HAL/SERVO/SERVO_PROG.o
LOAD HAL/ULTRASONIC/ULTRASONIC_PROG.o
LOAD MCAL/DIO/DIO_PROG.o
LOAD MCAL/GI/GI_PROG.o
LOAD MCAL/TIM0/TIM0_PROG.o
LOAD MCAL/TIM1/TIM1_PROG.o
LOAD MCAL/TIM2/TIM2_PROG.o
START GROUP
LOAD c:/program files (x86)/atmel/studio/7.0/toolchain/avr8/avr8-gnu-toolchain/bin/../lib/gcc/avr/5.4.0/../../../../avr/lib/avr5\libm.a
END GROUP
START GROUP
LOAD c:/program files (x86)/atmel/studio/7.0/toolchain/avr8/avr8-gnu-toolchain/bin/../lib/gcc/avr/5.4.0/avr5\libgcc.a
LOAD c:/program files (x86)/atmel/studio/7.0/toolchain/avr8/avr8-gnu-toolchain/bin/../lib/gcc/avr/5.4.0/../../../../avr/lib/avr5\libm.a
LOAD c:/program files (x86)/atmel/studio/7.0/toolchain/avr8/avr8-gnu-toolchain/bin/../lib/gcc/avr/5.4.0/../../../../avr/lib/avr5\libc.a
LOAD C:/Program Files (x86)/Atmel/Studio/7.0/Packs/atmel/ATmega_DFP/1.7.374/gcc/dev/atmega32/avr5\libatmega32.a
END GROUP
                0x00000000                __TEXT_REGION_ORIGIN__ = DEFINED (__TEXT_REGION_ORIGIN__)?__TEXT_REGION_ORIGIN__:0x0
                [0x00800060]                __DATA_REGION_ORIGIN__ = DEFINED (__DATA_REGION_ORIGIN__)?__DATA_REGION_ORIGIN__:0x800060
                [0x00008000]                __TEXT_REGION_LENGTH__ = DEFINED (__TEXT_REGION_LENGTH__)?__TEXT_REGION_LENGTH__:0x20000
                [0x00000800]                __DATA_REGION_LENGTH__ = DEFINED (__DATA_REGION_LENGTH__)?__DATA_REGION_LENGTH__:0xffa0
                [0x00000400]                __EEPROM_REGION_LENGTH__ = DEFINED (__EEPROM_REGION_LENGTH__)?__EEPROM_REGION_LENGTH__:0x10000
                [0x00000002]                __FUSE_REGION_LENGTH__ = DEFINED (__FUSE_REGION_LENGTH__)?__FUSE_REGION_LENGTH__:0x400
                0x00000400                __LOCK_REGION_LENGTH__ = DEFINED (__LOCK_REGION_LENGTH__)?__LOCK_REGION_LENGTH__:0x400
                0x00000400                __SIGNATURE_REGION_LENGTH__ = DEFINED (__SIGNATURE_REGION_LENGTH__)?__SIGNATURE_REGION_LENGTH__:0x400
                0x00000400                __USER_SIGNATURE_REGION_LENGTH__ = DEFINED (__USER_SIGNATURE_REGION_LENGTH__)?__USER_SIGNATURE_REGION_LENGTH__:0x400

.hash
 *(.hash)

.dynsym
 *(.dynsym)

.dynstr
 *(.dynstr)

.gnu.version
 *(.gnu.version)

.gnu.version_d
 *(.gnu.version_d)

.gnu.version_r
 *(.gnu.version_r)

.rel.init
 *(.rel.init)

.rela.init
 *(.rela.init)

.rel.text
 *(.rel.text)
 *(.rel.text.*)
 *(.rel.gnu.linkonce.t*)

.rela.text
 *(.rela.text)
 *(.rela.text.*)
 *(.rela.gnu.linkonce.t*)

.rel.fini
 *(.rel.fini)

.rela.fini
 *(.rela.fini)

.rel.rodata
 *(.rel.rodata)
 *(.rel.rodata.*)
 *(.rel.gnu.linkonce.r*)

.rela.rodata
 *(.rela.rodata)
 *(.rela.rodata.*)
 *(.rela.gnu.linkonce.r*)

.rel.data
 *(.rel.data)
 *(.rel.data.*)
 *(.rel.gnu.linkonce.d*)

.rela.data
 *(.rela.data)
 *(.rela.data.*)
 *(.rela.gnu.linkonce.d*)

.rel.ctors
 *(.rel.ctors)

.rela.ctors
 *(.rela.ctors)

.rel.dtors
 *(.rel.dtors)

.rela.dtors
 *(.rela.dtors)

.rel.got
 *(.rel.got)

.rela.got
 *(.rela.got)

.rel.bss
 *(.rel.bss)

.rela.bss
 *(.rela.bss)

.rel.plt
 *(.rel.plt)

.rela.plt
 *(.rela.plt)

.text           0x00000000      0xe9e
 *(.vectors)
 .vectors       0x00000000       0x54 C:/Program Files (x86)/Atmel/Studio/7.0/Packs/atmel/ATmega_DFP/1.7.374/gcc/dev/atmega32/avr5/crtatmega32.o
                0x00000000                __vector_default
                0x00000000                __vectors
 *(.vectors)
 *(.progmem.gcc*)
                0x00000054                . = ALIGN (0x2)
                0x00000054                __trampolines_start = .
 *(.trampolines)
 .trampolines   0x00000054        0x0 linker stubs
 *(.trampolines*)
                0x00000054                __trampolines_end = .
 *libprintf_flt.a:*(.progmem.data)
 *libc.a:*(.progmem.data)
 *(.progmem*)
                0x00000054                . = ALIGN (0x2)
 *(.jumptables)
 *(.jumptables*)
 *(.lowtext)
 *(.lowtext*)
                0x00000054                __ctors_start = .
 *(.ctors)
                0x00000054                __ctors_end = .
                0x00000054                __dtors_start = .
 *(.dtors)
                0x00000054                __dtors_end = .
 SORT(*)(.ctors)
 SORT(*)(.dtors)
 *(.init0)
 .init0         0x00000054        0x0 C:/Program Files (x86)/Atmel/Studio/7.0/Packs/atmel/ATmega_DFP/1.7.374/gcc/dev/atmega32/avr5/crtatmega32.o
                0x00000054                __init
 *(.init0)
 *(.init1)
 *(.init1)
 *(.init2)
 .init2         0x00000054        0xc C:/Program Files (x86)/Atmel/Studio/7.0/Packs/atmel/ATmega_DFP/1.7.374/gcc/dev/atmega32/avr5/crtatmega32.o
 *(.init2)
 *(.init3)
 *(.init3)
 *(.init4)
 .init4         0x00000060       0x16 c:/program files (x86)/atmel/studio/7.0/toolchain/avr8/avr8-gnu-toolchain/bin/../lib/gcc/avr/5.4.0/avr5\libgcc.a(_copy_data.o)
                0x00000060                __do_copy_data
 .init4         0x00000076       0x10 c:/program files (x86)/atmel/studio/7.0/toolchain/avr8/avr8-gnu-toolchain/bin/../lib/gcc/avr/5.4.0/avr5\libgcc.a(_clear_bss.o)
                0x00000076                __do_clear_bss
 *(.init4)
 *(.init5)
 *(.init5)
 *(.init6)
 *(.init6)
 *(.init7)
 *(.init7)
 *(.init8)
 *(.init8)
 *(.init9)
 .init9         0x00000086        0x8 C:/Program Files (x86)/Atmel/Studio/7.0/Packs/atmel/ATmega_DFP/1.7.374/gcc/dev/atmega32/avr5/crtatmega32.o
 *(.init9)
 *(.text)
 .text          0x0000008e        0x4 C:/Program Files (x86)/Atmel/Studio/7.0/Packs/atmel/ATmega_DFP/1.7.374/gcc/dev/atmega32/avr5/crtatmega32.o
                0x0000008e                __vector_1
                0x0000008e                __vector_12
                0x0000008e                __bad_interrupt
                0x0000008e                __vector_3
                0x0000008e                __vector_11
                0x0000008e                __vector_13
                0x0000008e                __vector_17
                0x0000008e                __vector_19
                0x0000008e                __vector_7
                0x0000008e                __vector_5
                0x0000008e                __vector_4
                0x0000008e                __vector_9
                0x0000008e                __vector_2
                0x0000008e                __vector_15
                0x0000008e                __vector_8
                0x0000008e                __vector_14
                0x0000008e                __vector_10
                0x0000008e                __vector_16
                0x0000008e                __vector_18
                0x0000008e                __vector_20
                0x00000092                . = ALIGN (0x2)
 *(.text.*)
 .text.U16_ToString
                0x00000092       0xda APP/main.o
 .text.main     0x0000016c      0x186 APP/main.o
                0x0000016c                main
 .text.DCMOTOR_MoveForward
                0x000002f2       0x38 HAL/DC_MOTOR/DC_MOTOR_PROG.o
                0x000002f2                DCMOTOR_MoveForward
 .text.DCMOTOR_MoveRevrse
                0x0000032a       0x38 HAL/DC_MOTOR/DC_MOTOR_PROG.o
                0x0000032a                DCMOTOR_MoveRevrse
 .text.DCMOTOR_MoveRight
                0x00000362       0x38 HAL/DC_MOTOR/DC_MOTOR_PROG.o
                0x00000362                DCMOTOR_MoveRight
 .text.DCMOTOR_MoveLeft
                0x0000039a       0x38 HAL/DC_MOTOR/DC_MOTOR_PROG.o
                0x0000039a                DCMOTOR_MoveLeft
 .text.DCMOTOR_Stop
                0x000003d2       0x32 HAL/DC_MOTOR/DC_MOTOR_PROG.o
                0x000003d2                DCMOTOR_Stop
 .text.DCMOTOR_Init
                0x00000404       0x26 HAL/DC_MOTOR/DC_MOTOR_PROG.o
                0x00000404                DCMOTOR_Init
 .text.LCD_SendHalfData
                0x0000042a       0x62 HAL/LCD/LCD_PROG.o
 .text.LCD_SendEnablePulse
                0x0000048c       0x54 HAL/LCD/LCD_PROG.o
 .text.LCD_SendCommand
                0x000004e0       0x64 HAL/LCD/LCD_PROG.o
                0x000004e0                LCD_SendCommand
 .text.LCD_SendData
                0x00000544       0x64 HAL/LCD/LCD_PROG.o
                0x00000544                LCD_SendData
 .text.LCD_Clear
                0x000005a8       0x14 HAL/LCD/LCD_PROG.o
                0x000005a8                LCD_Clear
 .text.LCD_Init
                0x000005bc       0x3e HAL/LCD/LCD_PROG.o
                0x000005bc                LCD_Init
 .text.LCD_SendString
                0x000005fa       0x26 HAL/LCD/LCD_PROG.o
                0x000005fa                LCD_SendString
 .text.Servo_Init
                0x00000620        0x6 HAL/SERVO/SERVO_PROG.o
                0x00000620                Servo_Init
 .text.Servo_SetAngle
                0x00000626       0x2a HAL/SERVO/SERVO_PROG.o
                0x00000626                Servo_SetAngle
 .text.Ultrasonic_VoidEchoCallback
                0x00000650       0x44 HAL/ULTRASONIC/ULTRASONIC_PROG.o
 .text.Ultrasonic_Init
                0x00000694       0x2c HAL/ULTRASONIC/ULTRASONIC_PROG.o
                0x00000694                Ultrasonic_Init
 .text.Ultrasonic_GetDistance
                0x000006c0       0xd4 HAL/ULTRASONIC/ULTRASONIC_PROG.o
                0x000006c0                Ultrasonic_GetDistance
 .text.DIO_SetPinDir
                0x00000794      0x136 MCAL/DIO/DIO_PROG.o
                0x00000794                DIO_SetPinDir
 .text.DIO_SetPinVal
                0x000008ca      0x136 MCAL/DIO/DIO_PROG.o
                0x000008ca                DIO_SetPinVal
 .text.DIO_SetPortDir
                0x00000a00       0x20 MCAL/DIO/DIO_PROG.o
                0x00000a00                DIO_SetPortDir
 .text.GI_InterruptEnable
                0x00000a20        0x4 MCAL/GI/GI_PROG.o
                0x00000a20                GI_InterruptEnable
 .text.TIM0_Init
                0x00000a24       0x20 MCAL/TIM0/TIM0_PROG.o
                0x00000a24                TIM0_Init
 .text.TIM0_DelayMS
                0x00000a44       0x34 MCAL/TIM0/TIM0_PROG.o
                0x00000a44                TIM0_DelayMS
 .text.TIM1_FastPWM_Init
                0x00000a78       0x7a MCAL/TIM1/TIM1_PROG.o
                0x00000a78                TIM1_FastPWM_Init
 .text.TIM1_FastPWM_SetDuty
                0x00000af2        0x6 MCAL/TIM1/TIM1_PROG.o
                0x00000af2                TIM1_FastPWM_SetDuty
 .text.TIM1_ICU_Init
                0x00000af8       0x38 MCAL/TIM1/TIM1_PROG.o
                0x00000af8                TIM1_ICU_Init
 .text.TIM1_ICU_GetCapturedVal
                0x00000b30        0x6 MCAL/TIM1/TIM1_PROG.o
                0x00000b30                TIM1_ICU_GetCapturedVal
 .text.TIM1_ICU_SetCallBack
                0x00000b36        0xa MCAL/TIM1/TIM1_PROG.o
                0x00000b36                TIM1_ICU_SetCallBack
 .text.__vector_6
                0x00000b40       0x52 MCAL/TIM1/TIM1_PROG.o
                0x00000b40                __vector_6
 .text.TIM2_Init
                0x00000b92       0x24 MCAL/TIM2/TIM2_PROG.o
                0x00000b92                TIM2_Init
 .text.TIM2_DelayUS
                0x00000bb6       0x20 MCAL/TIM2/TIM2_PROG.o
                0x00000bb6                TIM2_DelayUS
 .text.avr-libc.fplib
                0x00000bd6       0x5e c:/program files (x86)/atmel/studio/7.0/toolchain/avr8/avr8-gnu-toolchain/bin/../lib/gcc/avr/5.4.0/../../../../avr/lib/avr5\libm.a(fixunssfsi.o)
                0x00000bd6                __fixunssfsi
 .text.avr-libc.fplib
                0x00000c34       0x7a c:/program files (x86)/atmel/studio/7.0/toolchain/avr8/avr8-gnu-toolchain/bin/../lib/gcc/avr/5.4.0/../../../../avr/lib/avr5\libm.a(floatsisf.o)
                0x00000c34                __floatunsisf
                0x00000c38                __floatsisf
 .text.avr-libc.fplib
                0x00000cae       0x44 c:/program files (x86)/atmel/studio/7.0/toolchain/avr8/avr8-gnu-toolchain/bin/../lib/gcc/avr/5.4.0/../../../../avr/lib/avr5\libm.a(fp_split3.o)
                0x00000cae                __fp_split3
                0x00000cbe                __fp_splitA
 .text.avr-libc.fplib
                0x00000cf2        0xe c:/program files (x86)/atmel/studio/7.0/toolchain/avr8/avr8-gnu-toolchain/bin/../lib/gcc/avr/5.4.0/../../../../avr/lib/avr5\libm.a(fp_zero.o)
                0x00000cf2                __fp_zero
                0x00000cf4                __fp_szero
 .text.avr-libc.fplib
                0x00000d00        0x8 c:/program files (x86)/atmel/studio/7.0/toolchain/avr8/avr8-gnu-toolchain/bin/../lib/gcc/avr/5.4.0/../../../../avr/lib/avr5\libm.a(mulsf3.o)
                0x00000d00                __mulsf3
 .text.avr-libc.fplib
                0x00000d08       0xd2 c:/program files (x86)/atmel/studio/7.0/toolchain/avr8/avr8-gnu-toolchain/bin/../lib/gcc/avr/5.4.0/../../../../avr/lib/avr5\libm.a(mulsf3x.o)
                0x00000d26                __mulsf3x
                0x00000d2c                __mulsf3_pse
 .text.avr-libc.fplib
                0x00000dda        0xc c:/program files (x86)/atmel/studio/7.0/toolchain/avr8/avr8-gnu-toolchain/bin/../lib/gcc/avr/5.4.0/../../../../avr/lib/avr5\libm.a(fp_inf.o)
                0x00000dda                __fp_inf
 .text.avr-libc.fplib
                0x00000de6        0x6 c:/program files (x86)/atmel/studio/7.0/toolchain/avr8/avr8-gnu-toolchain/bin/../lib/gcc/avr/5.4.0/../../../../avr/lib/avr5\libm.a(fp_nan.o)
                0x00000de6                __fp_nan
 .text.avr-libc.fplib
                0x00000dec        0xe c:/program files (x86)/atmel/studio/7.0/toolchain/avr8/avr8-gnu-toolchain/bin/../lib/gcc/avr/5.4.0/../../../../avr/lib/avr5\libm.a(fp_pscA.o)
                0x00000dec                __fp_pscA
 .text.avr-libc.fplib
                0x00000dfa        0xe c:/program files (x86)/atmel/studio/7.0/toolchain/avr8/avr8-gnu-toolchain/bin/../lib/gcc/avr/5.4.0/../../../../avr/lib/avr5\libm.a(fp_pscB.o)
                0x00000dfa                __fp_pscB
 .text.avr-libc.fplib
                0x00000e08       0x22 c:/program files (x86)/atmel/studio/7.0/toolchain/avr8/avr8-gnu-toolchain/bin/../lib/gcc/avr/5.4.0/../../../../avr/lib/avr5\libm.a(fp_round.o)
                0x00000e08                __fp_round
 .text.libgcc.div
                0x00000e2a       0x44 c:/program files (x86)/atmel/studio/7.0/toolchain/avr8/avr8-gnu-toolchain/bin/../lib/gcc/avr/5.4.0/avr5\libgcc.a(_udivmodsi4.o)
                0x00000e2a                __udivmodsi4
 .text.libgcc.mul
                0x00000e6e       0x1e c:/program files (x86)/atmel/studio/7.0/toolchain/avr8/avr8-gnu-toolchain/bin/../lib/gcc/avr/5.4.0/avr5\libgcc.a(_umulhisi3.o)
                0x00000e6e                __umulhisi3
 .text.libgcc.mul
                0x00000e8c        0xe c:/program files (x86)/atmel/studio/7.0/toolchain/avr8/avr8-gnu-toolchain/bin/../lib/gcc/avr/5.4.0/avr5\libgcc.a(_usmulhisi3.o)
                0x00000e8c                __usmulhisi3
                0x00000e90                __usmulhisi3_tail
                0x00000e9a                . = ALIGN (0x2)
 *(.fini9)
 .fini9         0x00000e9a        0x0 c:/program files (x86)/atmel/studio/7.0/toolchain/avr8/avr8-gnu-toolchain/bin/../lib/gcc/avr/5.4.0/avr5\libgcc.a(_exit.o)
                0x00000e9a                _exit
                0x00000e9a                exit
 *(.fini9)
 *(.fini8)
 *(.fini8)
 *(.fini7)
 *(.fini7)
 *(.fini6)
 *(.fini6)
 *(.fini5)
 *(.fini5)
 *(.fini4)
 *(.fini4)
 *(.fini3)
 *(.fini3)
 *(.fini2)
 *(.fini2)
 *(.fini1)
 *(.fini1)
 *(.fini0)
 .fini0         0x00000e9a        0x4 c:/program files (x86)/atmel/studio/7.0/toolchain/avr8/avr8-gnu-toolchain/bin/../lib/gcc/avr/5.4.0/avr5\libgcc.a(_exit.o)
 *(.fini0)
                0x00000e9e                _etext = .

.data           0x00800060       0x80 load address 0x00000e9e
                0x00800060                PROVIDE (__data_start, .)
 *(.data)
 *(.data*)
 .data.M1_IN4   0x00800060        0x4 HAL/DC_MOTOR/DC_MOTOR_PROG.o
                0x00800060                M1_IN4
 .data.M1_IN3   0x00800064        0x4 HAL/DC_MOTOR/DC_MOTOR_PROG.o
                0x00800064                M1_IN3
 .data.M1_IN2   0x00800068        0x4 HAL/DC_MOTOR/DC_MOTOR_PROG.o
                0x00800068                M1_IN2
 .data.M1_IN1   0x0080006c        0x4 HAL/DC_MOTOR/DC_MOTOR_PROG.o
                0x0080006c                M1_IN1
 .data.Loc_ULTRA_ECHO
                0x00800070        0x4 HAL/ULTRASONIC/ULTRASONIC_PROG.o
 .data.Loc_ULTRA_TRIG
                0x00800074        0x4 HAL/ULTRASONIC/ULTRASONIC_PROG.o
 *(.gnu.linkonce.d*)
 *(.rodata)
 *(.rodata*)
 .rodata.str1.1
                0x00800078       0x64 APP/main.o
 .rodata.Loc_LCD_BITS.1640
                0x008000dc        0x4 HAL/LCD/LCD_PROG.o
 *(.gnu.linkonce.r*)
                0x008000e0                . = ALIGN (0x2)
                0x008000e0                _edata = .
                0x008000e0                PROVIDE (__data_end, .)

.bss            0x008000e0        0x8
                0x008000e0                PROVIDE (__bss_start, .)
 *(.bss)
 *(.bss*)
 .bss.Loc_u8NewDataReady
                0x008000e0        0x1 HAL/ULTRASONIC/ULTRASONIC_PROG.o
 .bss.Loc_u8CaptureState
                0x008000e1        0x1 HAL/ULTRASONIC/ULTRASONIC_PROG.o
 .bss.Loc_u16FallingTick
                0x008000e2        0x2 HAL/ULTRASONIC/ULTRASONIC_PROG.o
 .bss.Loc_u16RisingTick
                0x008000e4        0x2 HAL/ULTRASONIC/ULTRASONIC_PROG.o
 .bss.ICR_PTR   0x008000e6        0x2 MCAL/TIM1/TIM1_PROG.o
                0x008000e6                ICR_PTR
 *(COMMON)
                0x008000e8                PROVIDE (__bss_end, .)
                0x00000e9e                __data_load_start = LOADADDR (.data)
                0x00000f1e                __data_load_end = (__data_load_start + SIZEOF (.data))

.noinit         0x008000e8        0x0
                [!provide]                PROVIDE (__noinit_start, .)
 *(.noinit*)
                [!provide]                PROVIDE (__noinit_end, .)
                0x008000e8                _end = .
                [!provide]                PROVIDE (__heap_start, .)

.eeprom         0x00810000        0x0
 *(.eeprom*)
                0x00810000                __eeprom_end = .

.fuse
 *(.fuse)
 *(.lfuse)
 *(.hfuse)
 *(.efuse)

.lock
 *(.lock*)

.signature
 *(.signature*)

.user_signatures
 *(.user_signatures*)

.stab
 *(.stab)

.stabstr
 *(.stabstr)

.stab.excl
 *(.stab.excl)

.stab.exclstr
 *(.stab.exclstr)

.stab.index
 *(.stab.index)

.stab.indexstr
 *(.stab.indexstr)

.comment        0x00000000       0x30
 *(.comment)
 .comment       0x00000000       0x30 APP/main.o
                                 0x31 (size before relaxing)
 .comment       0x00000030       0x31 HAL/DC_MOTOR/DC_MOTOR_PROG.o
 .comment       0x00000030       0x31 HAL/LCD/LCD_PROG.o
 .comment       0x00000030       0x31 HAL/SERVO/SERVO_PROG.o
 .comment       0x00000030       0x31 HAL/ULTRASONIC/ULTRASONIC_PROG.o
 .comment       0x00000030       0x31 MCAL/DIO/DIO_PROG.o
 .comment       0x00000030       0x31 MCAL/GI/GI_PROG.o
 .comment       0x00000030       0x31 MCAL/TIM0/TIM0_PROG.o
 .comment       0x00000030       0x31 MCAL/TIM1/TIM1_PROG.o
 .comment       0x00000030       0x31 MCAL/TIM2/TIM2_PROG.o

.note.gnu.avr.deviceinfo
                0x00000000       0x3c
 .note.gnu.avr.deviceinfo
                0x00000000       0x3c C:/Program Files (x86)/Atmel/Studio/7.0/Packs/atmel/ATmega_DFP/1.7.374/gcc/dev/atmega32/avr5/crtatmega32.o

.note.gnu.build-id
 *(.note.gnu.build-id)

.debug
 *(.debug)

.line
 *(.line)

.debug_srcinfo
 *(.debug_srcinfo)

.debug_sfnames
 *(.debug_sfnames)

.debug_aranges  0x00000000      0x220
 *(.debug_aranges)
 .debug_aranges
                0x00000000       0x28 APP/main.o
 .debug_aranges
                0x00000028       0x48 HAL/DC_MOTOR/DC_MOTOR_PROG.o
 .debug_aranges
                0x00000070       0x50 HAL/LCD/LCD_PROG.o
 .debug_aranges
                0x000000c0       0x28 HAL/SERVO/SERVO_PROG.o
 .debug_aranges
                0x000000e8       0x30 HAL/ULTRASONIC/ULTRASONIC_PROG.o
 .debug_aranges
                0x00000118       0x48 MCAL/DIO/DIO_PROG.o
 .debug_aranges
                0x00000160       0x28 MCAL/GI/GI_PROG.o
 .debug_aranges
                0x00000188       0x28 MCAL/TIM0/TIM0_PROG.o
 .debug_aranges
                0x000001b0       0x48 MCAL/TIM1/TIM1_PROG.o
 .debug_aranges
                0x000001f8       0x28 MCAL/TIM2/TIM2_PROG.o

.debug_pubnames
 *(.debug_pubnames)

.debug_info     0x00000000     0x23db
 *(.debug_info .gnu.linkonce.wi.*)
 .debug_info    0x00000000      0x4e6 C:/Program Files (x86)/Atmel/Studio/7.0/Packs/atmel/ATmega_DFP/1.7.374/gcc/dev/atmega32/avr5/crtatmega32.o
 .debug_info    0x000004e6      0x5f5 APP/main.o
 .debug_info    0x00000adb      0x521 HAL/DC_MOTOR/DC_MOTOR_PROG.o
 .debug_info    0x00000ffc      0x5df HAL/LCD/LCD_PROG.o
 .debug_info    0x000015db      0x110 HAL/SERVO/SERVO_PROG.o
 .debug_info    0x000016eb      0x42f HAL/ULTRASONIC/ULTRASONIC_PROG.o
 .debug_info    0x00001b1a      0x302 MCAL/DIO/DIO_PROG.o
 .debug_info    0x00001e1c       0x9a MCAL/GI/GI_PROG.o
 .debug_info    0x00001eb6      0x10a MCAL/TIM0/TIM0_PROG.o
 .debug_info    0x00001fc0      0x30b MCAL/TIM1/TIM1_PROG.o
 .debug_info    0x000022cb      0x110 MCAL/TIM2/TIM2_PROG.o

.debug_abbrev   0x00000000      0xde2
 *(.debug_abbrev)
 .debug_abbrev  0x00000000      0x4a3 C:/Program Files (x86)/Atmel/Studio/7.0/Packs/atmel/ATmega_DFP/1.7.374/gcc/dev/atmega32/avr5/crtatmega32.o
 .debug_abbrev  0x000004a3       0xee APP/main.o
 .debug_abbrev  0x00000591      0x102 HAL/DC_MOTOR/DC_MOTOR_PROG.o
 .debug_abbrev  0x00000693      0x17b HAL/LCD/LCD_PROG.o
 .debug_abbrev  0x0000080e       0x8e HAL/SERVO/SERVO_PROG.o
 .debug_abbrev  0x0000089c      0x13d HAL/ULTRASONIC/ULTRASONIC_PROG.o
 .debug_abbrev  0x000009d9      0x114 MCAL/DIO/DIO_PROG.o
 .debug_abbrev  0x00000aed       0x42 MCAL/GI/GI_PROG.o
 .debug_abbrev  0x00000b2f       0x9f MCAL/TIM0/TIM0_PROG.o
 .debug_abbrev  0x00000bce      0x175 MCAL/TIM1/TIM1_PROG.o
 .debug_abbrev  0x00000d43       0x9f MCAL/TIM2/TIM2_PROG.o

.debug_line     0x00000000     0x12d0
 *(.debug_line .debug_line.* .debug_line_end)
 .debug_line    0x00000000      0x116 C:/Program Files (x86)/Atmel/Studio/7.0/Packs/atmel/ATmega_DFP/1.7.374/gcc/dev/atmega32/avr5/crtatmega32.o
 .debug_line    0x00000116      0x338 APP/main.o
 .debug_line    0x0000044e      0x205 HAL/DC_MOTOR/DC_MOTOR_PROG.o
 .debug_line    0x00000653      0x282 HAL/LCD/LCD_PROG.o
 .debug_line    0x000008d5       0xc6 HAL/SERVO/SERVO_PROG.o
 .debug_line    0x0000099b      0x25b HAL/ULTRASONIC/ULTRASONIC_PROG.o
 .debug_line    0x00000bf6      0x30b MCAL/DIO/DIO_PROG.o
 .debug_line    0x00000f01       0x5e MCAL/GI/GI_PROG.o
 .debug_line    0x00000f5f       0xde MCAL/TIM0/TIM0_PROG.o
 .debug_line    0x0000103d      0x1af MCAL/TIM1/TIM1_PROG.o
 .debug_line    0x000011ec       0xe4 MCAL/TIM2/TIM2_PROG.o

.debug_frame    0x00000000      0x464
 *(.debug_frame)
 .debug_frame   0x00000000       0x60 APP/main.o
 .debug_frame   0x00000060       0x94 HAL/DC_MOTOR/DC_MOTOR_PROG.o
 .debug_frame   0x000000f4       0xf0 HAL/LCD/LCD_PROG.o
 .debug_frame   0x000001e4       0x34 HAL/SERVO/SERVO_PROG.o
 .debug_frame   0x00000218       0x64 HAL/ULTRASONIC/ULTRASONIC_PROG.o
 .debug_frame   0x0000027c       0x74 MCAL/DIO/DIO_PROG.o
 .debug_frame   0x000002f0       0x34 MCAL/GI/GI_PROG.o
 .debug_frame   0x00000324       0x40 MCAL/TIM0/TIM0_PROG.o
 .debug_frame   0x00000364       0xcc MCAL/TIM1/TIM1_PROG.o
 .debug_frame   0x00000430       0x34 MCAL/TIM2/TIM2_PROG.o

.debug_str      0x00000000      0xa67
 *(.debug_str)
 .debug_str     0x00000000      0x196 C:/Program Files (x86)/Atmel/Studio/7.0/Packs/atmel/ATmega_DFP/1.7.374/gcc/dev/atmega32/avr5/crtatmega32.o
 .debug_str     0x00000196      0x2a8 APP/main.o
                                0x2dc (size before relaxing)
 .debug_str     0x0000043e      0x139 HAL/DC_MOTOR/DC_MOTOR_PROG.o
                                0x2f0 (size before relaxing)
 .debug_str     0x00000577       0xc1 HAL/LCD/LCD_PROG.o
                                0x33b (size before relaxing)
 .debug_str     0x00000638       0x5b HAL/SERVO/SERVO_PROG.o
                                0x1c3 (size before relaxing)
 .debug_str     0x00000693      0x144 HAL/ULTRASONIC/ULTRASONIC_PROG.o
                                0x3ce (size before relaxing)
 .debug_str     0x000007d7       0x73 MCAL/DIO/DIO_PROG.o
                                0x2d2 (size before relaxing)
 .debug_str     0x0000084a       0x29 MCAL/GI/GI_PROG.o
                                0x18a (size before relaxing)
 .debug_str     0x00000873       0x9c MCAL/TIM0/TIM0_PROG.o
                                0x201 (size before relaxing)
 .debug_str     0x0000090f       0x92 MCAL/TIM1/TIM1_PROG.o
                                0x36b (size before relaxing)
 .debug_str     0x000009a1       0xc6 MCAL/TIM2/TIM2_PROG.o
                                0x22b (size before relaxing)

.debug_loc      0x00000000      0xa4c
 *(.debug_loc)
 .debug_loc     0x00000000      0x189 APP/main.o
 .debug_loc     0x00000189       0x88 HAL/DC_MOTOR/DC_MOTOR_PROG.o
 .debug_loc     0x00000211      0x288 HAL/LCD/LCD_PROG.o
 .debug_loc     0x00000499       0x5e HAL/SERVO/SERVO_PROG.o
 .debug_loc     0x000004f7       0xd3 HAL/ULTRASONIC/ULTRASONIC_PROG.o
 .debug_loc     0x000005ca      0x2b8 MCAL/DIO/DIO_PROG.o
 .debug_loc     0x00000882       0x59 MCAL/TIM0/TIM0_PROG.o
 .debug_loc     0x000008db      0x14d MCAL/TIM1/TIM1_PROG.o
 .debug_loc     0x00000a28       0x24 MCAL/TIM2/TIM2_PROG.o

.debug_macinfo
 *(.debug_macinfo)

.debug_weaknames
 *(.debug_weaknames)

.debug_funcnames
 *(.debug_funcnames)

.debug_typenames
 *(.debug_typenames)

.debug_varnames
 *(.debug_varnames)

.debug_pubtypes
 *(.debug_pubtypes)

.debug_ranges   0x00000000      0x180
 *(.debug_ranges)
 .debug_ranges  0x00000000       0x18 APP/main.o
 .debug_ranges  0x00000018       0x38 HAL/DC_MOTOR/DC_MOTOR_PROG.o
 .debug_ranges  0x00000050       0x40 HAL/LCD/LCD_PROG.o
 .debug_ranges  0x00000090       0x18 HAL/SERVO/SERVO_PROG.o
 .debug_ranges  0x000000a8       0x20 HAL/ULTRASONIC/ULTRASONIC_PROG.o
 .debug_ranges  0x000000c8       0x38 MCAL/DIO/DIO_PROG.o
 .debug_ranges  0x00000100       0x18 MCAL/GI/GI_PROG.o
 .debug_ranges  0x00000118       0x18 MCAL/TIM0/TIM0_PROG.o
 .debug_ranges  0x00000130       0x38 MCAL/TIM1/TIM1_PROG.o
 .debug_ranges  0x00000168       0x18 MCAL/TIM2/TIM2_PROG.o

.debug_macro
 *(.debug_macro)
OUTPUT(Project_3.elf elf32-avr)
LOAD linker stubs
